[wowtheme7.com/tf/buildnow/index.html]
[backblue.gif]
[fade.gif]
[index.html]
[wowtheme7.com/tf/buildnow/assets/img/favicon.svg]
[wowtheme7.com/tf/buildnow/assets/css/bootstrap.min.css]
[wowtheme7.com/tf/buildnow/assets/css/animate.css]
[wowtheme7.com/tf/buildnow/assets/css/all.min.css]
[wowtheme7.com/tf/buildnow/assets/css/magnific-popup.css]
[wowtheme7.com/tf/buildnow/assets/css/meanmenu.css]
[wowtheme7.com/tf/buildnow/assets/css/swiper-bundle.min.css]
[wowtheme7.com/tf/buildnow/assets/css/nice-select.css]
[wowtheme7.com/tf/buildnow/assets/img/preloader.svg]
[wowtheme7.com/tf/buildnow/assets/css/main.css]
[wowtheme7.com/tf/buildnow/assets/img/logo/black-logo.svg]
[wowtheme7.com/tf/buildnow/contact.html]
[wowtheme7.com/tf/buildnow/assets/img/logo/white-logo.svg]
[wowtheme7.com/tf/buildnow/assets/img/header/home-1.jpg]
[wowtheme7.com/tf/buildnow/index-one.html]
[wowtheme7.com/tf/buildnow/assets/img/header/home-2.jpg]
[wowtheme7.com/tf/buildnow/index-2.html]
[wowtheme7.com/tf/buildnow/index-one-2.html]
[wowtheme7.com/tf/buildnow/assets/img/header/home-3.jpg]
[wowtheme7.com/tf/buildnow/index-3.html]
[wowtheme7.com/tf/buildnow/index-one-3.html]
[wowtheme7.com/tf/buildnow/assets/img/header/home-4.jpg]
[wowtheme7.com/tf/buildnow/index-4.html]
[wowtheme7.com/tf/buildnow/index-one-4.html]
[wowtheme7.com/tf/buildnow/assets/img/header/home-5.jpg]
[wowtheme7.com/tf/buildnow/index-5.html]
[wowtheme7.com/tf/buildnow/index-one-5.html]
[wowtheme7.com/tf/buildnow/assets/img/header/home-6.jpg]
[wowtheme7.com/tf/buildnow/index-6.html]
[wowtheme7.com/tf/buildnow/index-one-6.html]
[wowtheme7.com/tf/buildnow/assets/img/header/home-7.jpg]
[wowtheme7.com/tf/buildnow/index-7.html]
[wowtheme7.com/tf/buildnow/index-one-7.html]
[wowtheme7.com/tf/buildnow/assets/img/header/home-8.jpg]
[wowtheme7.com/tf/buildnow/about.html]
[wowtheme7.com/tf/buildnow/team.html]
[wowtheme7.com/tf/buildnow/team-details.html]
[wowtheme7.com/tf/buildnow/shop.html]
[wowtheme7.com/tf/buildnow/shop-details.html]
[wowtheme7.com/tf/buildnow/shop-cart.html]
[wowtheme7.com/tf/buildnow/checkout.html]
[wowtheme7.com/tf/buildnow/pricing.html]
[wowtheme7.com/tf/buildnow/gallery.html]
[wowtheme7.com/tf/buildnow/faq.html]
[wowtheme7.com/tf/buildnow/404.html]
[wowtheme7.com/tf/buildnow/service.html]
[wowtheme7.com/tf/buildnow/service-details.html]
[wowtheme7.com/tf/buildnow/project.html]
[wowtheme7.com/tf/buildnow/project-details.html]
[wowtheme7.com/tf/buildnow/news.html]
[wowtheme7.com/tf/buildnow/news-details.html]
[wowtheme7.com/tf/buildnow/assets/img/home-1/hero/text.png]
[wowtheme7.com/tf/buildnow/assets/img/home-1/icon/01.svg]
[wowtheme7.com/tf/buildnow/assets/img/home-1/hero/man.jpg]
[wowtheme7.com/tf/buildnow/assets/img/home-1/icon/02.svg]
[wowtheme7.com/tf/buildnow/assets/img/home-1/icon/03.svg]
[wowtheme7.com/tf/buildnow/assets/img/shape/shape1.png]
[wowtheme7.com/tf/buildnow/assets/img/home-1/about/01.jpg]
[wowtheme7.com/tf/buildnow/assets/img/home-1/about/client.png]
[wowtheme7.com/tf/buildnow/assets/img/home-1/about/sign.png]
[wowtheme7.com/tf/buildnow/assets/img/home-1/icon/04.svg]
[wowtheme7.com/tf/buildnow/assets/img/home-1/service/01.jpg]
[wowtheme7.com/tf/buildnow/assets/img/home-1/icon/11.svg]
[wowtheme7.com/tf/buildnow/assets/img/home-1/service/02.jpg]
[wowtheme7.com/tf/buildnow/assets/img/home-1/icon/12.svg]
[wowtheme7.com/tf/buildnow/assets/img/home-1/service/03.jpg]
[wowtheme7.com/tf/buildnow/assets/img/home-1/icon/13.svg]
[wowtheme7.com/tf/buildnow/assets/img/home-1/service/04.jpg]
[wowtheme7.com/tf/buildnow/assets/img/home-1/icon/14.svg]
[wowtheme7.com/tf/buildnow/assets/img/home-1/feature/shape.png]
[wowtheme7.com/tf/buildnow/assets/img/home-1/feature/01.jpg]
[wowtheme7.com/tf/buildnow/assets/img/home-1/feature/02.jpg]
[wowtheme7.com/tf/buildnow/assets/img/home-1/feature/group.png]
[wowtheme7.com/tf/buildnow/assets/img/home-1/brand/01.png]
[wowtheme7.com/tf/buildnow/assets/img/home-1/brand/02.png]
[wowtheme7.com/tf/buildnow/assets/img/home-1/brand/03.png]
[wowtheme7.com/tf/buildnow/assets/img/home-1/brand/04.png]
[wowtheme7.com/tf/buildnow/assets/img/home-1/brand/05.png]
[wowtheme7.com/tf/buildnow/assets/img/home-1/brand/06.png]
[wowtheme7.com/tf/buildnow/assets/img/home-1/video.jpg]
[wowtheme7.com/tf/buildnow/assets/img/home-1/feature/shape-2.png]
[wowtheme7.com/tf/buildnow/assets/img/home-1/feature/build.png]
[wowtheme7.com/tf/buildnow/assets/img/home-1/icon/15.svg]
[wowtheme7.com/tf/buildnow/assets/img/home-1/icon/16.svg]
[wowtheme7.com/tf/buildnow/assets/img/home-1/project/01.jpg]
[wowtheme7.com/tf/buildnow/assets/img/home-1/project/02.jpg]
[wowtheme7.com/tf/buildnow/assets/img/home-1/project/03.jpg]
[wowtheme7.com/tf/buildnow/assets/img/home-1/icon/05.svg]
[wowtheme7.com/tf/buildnow/assets/img/home-1/icon/06.svg]
[wowtheme7.com/tf/buildnow/assets/img/home-1/icon/07.svg]
[wowtheme7.com/tf/buildnow/assets/img/home-1/icon/08.svg]
[wowtheme7.com/tf/buildnow/assets/img/home-1/team/shape.png]
[wowtheme7.com/tf/buildnow/assets/img/home-1/team/shape-2.png]
[wowtheme7.com/tf/buildnow/assets/img/home-1/team/01.jpg]
[wowtheme7.com/tf/buildnow/assets/img/home-1/team/02.jpg]
[wowtheme7.com/tf/buildnow/assets/img/home-1/team/03.jpg]
[wowtheme7.com/tf/buildnow/assets/img/home-1/team/04.jpg]
[wowtheme7.com/tf/buildnow/assets/img/home-1/testimonial/shape.png]
[wowtheme7.com/tf/buildnow/assets/img/home-1/testimonial/01.jpg]
[wowtheme7.com/tf/buildnow/assets/img/home-1/testimonial/client.png]
[wowtheme7.com/tf/buildnow/assets/img/home-1/icon/09.svg]
[wowtheme7.com/tf/buildnow/assets/img/home-1/news/01.jpg]
[wowtheme7.com/tf/buildnow/assets/img/home-1/news/02.jpg]
[wowtheme7.com/tf/buildnow/assets/img/home-1/instagram/01.jpg]
[wowtheme7.com/tf/buildnow/assets/img/home-1/instagram/02.jpg]
[wowtheme7.com/tf/buildnow/assets/img/home-1/instagram/03.jpg]
[wowtheme7.com/tf/buildnow/assets/img/home-1/instagram/04.jpg]
[wowtheme7.com/tf/buildnow/assets/img/home-1/instagram/05.jpg]
[wowtheme7.com/tf/buildnow/assets/img/home-1/instagram/06.jpg]
[wowtheme7.com/tf/buildnow/assets/img/home-1/instagram/07.jpg]
[wowtheme7.com/tf/buildnow/assets/img/home-1/instagram/08.jpg]
[wowtheme7.com/tf/buildnow/assets/img/home-1/contact-bg.jpg]
[wowtheme7.com/tf/buildnow/assets/img/home-1/shape-1.png]
[wowtheme7.com/tf/buildnow/assets/img/home-1/shape-2.png]
[wowtheme7.com/tf/buildnow/assets/img/home-1/flag.png]
[wowtheme7.com/tf/buildnow/assets/js/jquery-3.7.1.min.js]
[wowtheme7.com/tf/buildnow/assets/js/viewport.jquery.js]
[wowtheme7.com/tf/buildnow/assets/js/bootstrap.bundle.min.js]
[wowtheme7.com/tf/buildnow/assets/js/gsap.min.js]
[wowtheme7.com/tf/buildnow/assets/js/ScrollTrigger.min.js]
[wowtheme7.com/tf/buildnow/assets/js/ScrollSmoother.min.js]
[wowtheme7.com/tf/buildnow/assets/js/ScrollToPlugin.min.js]
[wowtheme7.com/tf/buildnow/assets/js/SplitText.min.js]
[wowtheme7.com/tf/buildnow/assets/js/TextPlugin.js]
[wowtheme7.com/tf/buildnow/assets/js/chroma.min.js]
[wowtheme7.com/tf/buildnow/assets/js/jquery.nice-select.min.js]
[wowtheme7.com/tf/buildnow/assets/js/jquery.waypoints.js]
[wowtheme7.com/tf/buildnow/assets/js/jquery.counterup.min.js]
[wowtheme7.com/tf/buildnow/assets/js/jquery.meanmenu.min.js]
[wowtheme7.com/tf/buildnow/assets/js/swiper-bundle.min.js]
[wowtheme7.com/tf/buildnow/assets/js/parallaxie.js]
[wowtheme7.com/tf/buildnow/assets/js/jquery.magnific-popup.min.js]
[wowtheme7.com/tf/buildnow/assets/js/wow.min.js]
[wowtheme7.com/tf/buildnow/index.html]
[wowtheme7.com/tf/buildnow/assets/img/favicon.svg]
[wowtheme7.com/tf/buildnow/assets/css/bootstrap.min.css]
[wowtheme7.com/tf/buildnow/assets/js/main.js]
[wowtheme7.com/tf/buildnow/assets/webfonts/fa-brands-400.woff2]
[wowtheme7.com/tf/buildnow/assets/webfonts/fa-duotone-900.woff2]
[wowtheme7.com/tf/buildnow/assets/webfonts/fa-brands-400.ttf]
[wowtheme7.com/tf/buildnow/assets/webfonts/fa-light-300.woff2]
[wowtheme7.com/tf/buildnow/assets/webfonts/fa-regular-400.woff2]
[wowtheme7.com/tf/buildnow/assets/webfonts/fa-duotone-900.ttf]
[wowtheme7.com/tf/buildnow/assets/webfonts/fa-light-300.ttf]
[wowtheme7.com/tf/buildnow/assets/webfonts/fa-solid-900.woff2]
[wowtheme7.com/tf/buildnow/assets/webfonts/fa-solid-900.ttf]
[wowtheme7.com/tf/buildnow/assets/webfonts/fa-thin-100.woff2]
[wowtheme7.com/tf/buildnow/assets/webfonts/fa-regular-400.ttf]
[wowtheme7.com/tf/buildnow/assets/webfonts/fa-thin-100.ttf]
[wowtheme7.com/tf/buildnow/assets/webfonts/fa-v4compatibility.woff2]
[wowtheme7.com/tf/buildnow/assets/webfonts/fa-v4compatibility.ttf]
[wowtheme7.com/tf/buildnow/assets/css/all.min.css]
[wowtheme7.com/tf/buildnow/assets/css/animate.css]
[wowtheme7.com/tf/buildnow/assets/css/magnific-popup.css]
[wowtheme7.com/tf/buildnow/assets/css/meanmenu.css]
[wowtheme7.com/tf/buildnow/assets/css/swiper-bundle.min.css]
[wowtheme7.com/tf/buildnow/assets/css/nice-select.css]
[wowtheme7.com/tf/buildnow/assets/img/close.png]
[wowtheme7.com/tf/buildnow/assets/css/main.css]
[wowtheme7.com/tf/buildnow/assets/img/preloader.svg]
[wowtheme7.com/tf/buildnow/assets/img/logo/black-logo.svg]
[wowtheme7.com/tf/buildnow/assets/img/inner-page/breadcrumb.jpg]
[wowtheme7.com/tf/buildnow/assets/img/inner-page/contact/contact-01.jpg]
[wowtheme7.com/tf/buildnow/assets/img/inner-page/contact/icon-01.svg]
[wowtheme7.com/tf/buildnow/assets/img/inner-page/contact/icon-02.svg]
[wowtheme7.com/tf/buildnow/assets/img/home-5/cta/cta-bg.jpg]
[wowtheme7.com/tf/buildnow/assets/img/home-5/cta/shape-1.png]
[wowtheme7.com/tf/buildnow/assets/img/home-5/cta/shape-2.png]
[wowtheme7.com/tf/buildnow/assets/img/home-5/cta/cta-man.png]
[wowtheme7.com/tf/buildnow/assets/img/home-5/footer-bg.jpg]
[wowtheme7.com/tf/buildnow/assets/img/home-5/piler-2.png]
[wowtheme7.com/tf/buildnow/assets/img/home-5/footer-shape.png]
[wowtheme7.com/tf/buildnow/assets/img/home-5/footer-shape-2.png]
[wowtheme7.com/tf/buildnow/assets/img/home-5/icon/09.svg]
[wowtheme7.com/tf/buildnow/assets/img/home-5/group-shape.png]
[wowtheme7.com/tf/buildnow/assets/js/ajax-mail.js]
[wowtheme7.com/tf/buildnow/contact.html]
[wowtheme7.com/tf/buildnow/assets/img/logo/white-logo.svg]
[wowtheme7.com/tf/buildnow/index-one.html]
[wowtheme7.com/tf/buildnow/assets/img/home-2/hero/hero-bg.jpg]
[wowtheme7.com/tf/buildnow/assets/img/home-2/hero/hero-bg-2.jpg]
[wowtheme7.com/tf/buildnow/assets/img/home-2/hero/hero-bg-3.jpg]
[wowtheme7.com/tf/buildnow/assets/img/home-2/hero/name.png]
[wowtheme7.com/tf/buildnow/assets/img/home-2/about/shape-2.png]
[wowtheme7.com/tf/buildnow/assets/img/home-2/about/shape.png]
[wowtheme7.com/tf/buildnow/assets/img/home-2/about/01.jpg]
[wowtheme7.com/tf/buildnow/assets/img/home-2/about/circle.png]
[wowtheme7.com/tf/buildnow/assets/img/home-2/service/shape.png]
[wowtheme7.com/tf/buildnow/assets/img/home-2/service/01.jpg]
[wowtheme7.com/tf/buildnow/assets/img/home-2/icon/01.svg]
[wowtheme7.com/tf/buildnow/assets/img/home-2/service/02.jpg]
[wowtheme7.com/tf/buildnow/assets/img/home-2/icon/02.svg]
[wowtheme7.com/tf/buildnow/assets/img/home-2/service/03.jpg]
[wowtheme7.com/tf/buildnow/assets/img/home-2/icon/03.svg]
[wowtheme7.com/tf/buildnow/assets/img/home-2/service/04.jpg]
[wowtheme7.com/tf/buildnow/assets/img/home-2/icon/04.svg]
[wowtheme7.com/tf/buildnow/assets/img/home-2/feature/01.jpg]
[wowtheme7.com/tf/buildnow/assets/img/home-2/feature/02.jpg]
[wowtheme7.com/tf/buildnow/assets/img/home-2/project/01.jpg]
[wowtheme7.com/tf/buildnow/assets/img/home-2/project/02.jpg]
[wowtheme7.com/tf/buildnow/assets/img/home-2/project/03.jpg]
[wowtheme7.com/tf/buildnow/assets/img/home-2/project/04.jpg]
[wowtheme7.com/tf/buildnow/assets/img/home-2/feature/bg.jpg]
[wowtheme7.com/tf/buildnow/assets/img/home-2/icon/07.svg]
[wowtheme7.com/tf/buildnow/assets/img/home-2/feature/shape.png]
[wowtheme7.com/tf/buildnow/assets/img/home-2/feature/group.png]
[wowtheme7.com/tf/buildnow/assets/img/home-2/check-icon.svg]
[wowtheme7.com/tf/buildnow/assets/img/home-2/pricing-shape-2.png]
[wowtheme7.com/tf/buildnow/assets/img/home-2/pricing-shape.png]
[wowtheme7.com/tf/buildnow/assets/img/home-2/video-bg.jpg]
[wowtheme7.com/tf/buildnow/assets/img/home-1/testimonial/google.png]
[wowtheme7.com/tf/buildnow/assets/img/home-1/testimonial/group.png]
[wowtheme7.com/tf/buildnow/assets/img/home-1/testimonial/client-2.png]
[wowtheme7.com/tf/buildnow/assets/img/home-1/news/shape.png]
[wowtheme7.com/tf/buildnow/assets/img/home-1/news/03.jpg]
[wowtheme7.com/tf/buildnow/assets/img/home-1/news/04.jpg]
[wowtheme7.com/tf/buildnow/assets/img/home-1/news/05.jpg]
[wowtheme7.com/tf/buildnow/assets/img/home-2/contact.jpg]
[wowtheme7.com/tf/buildnow/assets/img/home-2/cta-shape.png]
[wowtheme7.com/tf/buildnow/assets/img/home-2/cta-image.png]
[wowtheme7.com/tf/buildnow/index-2.html]
[wowtheme7.com/tf/buildnow/index-one-2.html]
[wowtheme7.com/tf/buildnow/assets/img/home-3/hero/hero-bg-1.jpg]
[wowtheme7.com/tf/buildnow/assets/img/home-3/hero/hero-bg.jpg]
[wowtheme7.com/tf/buildnow/assets/img/home-3/about.jpg]
[wowtheme7.com/tf/buildnow/assets/img/home-3/build-shape.png]
[wowtheme7.com/tf/buildnow/assets/img/home-3/icon/01.svg]
[wowtheme7.com/tf/buildnow/assets/img/home-3/icon/02.svg]
[wowtheme7.com/tf/buildnow/assets/img/home-3/icon/03.svg]
[wowtheme7.com/tf/buildnow/assets/img/home-3/icon/04.svg]
[wowtheme7.com/tf/buildnow/assets/img/home-3/feature-bg.jpg]
[wowtheme7.com/tf/buildnow/assets/img/home-3/icon/05.svg]
[wowtheme7.com/tf/buildnow/assets/img/home-3/icon/06.svg]
[wowtheme7.com/tf/buildnow/assets/img/home-3/icon/07.svg]
[wowtheme7.com/tf/buildnow/assets/img/home-3/icon/08.svg]
[wowtheme7.com/tf/buildnow/assets/img/home-3/video-bg.jpg]
[wowtheme7.com/tf/buildnow/assets/img/home-3/fram.png]
[wowtheme7.com/tf/buildnow/assets/img/home-3/dot.png]
[wowtheme7.com/tf/buildnow/assets/img/home-1/team/05.jpg]
[wowtheme7.com/tf/buildnow/assets/img/home-3/testimonial/shape.png]
[wowtheme7.com/tf/buildnow/assets/img/home-3/piler.png]
[wowtheme7.com/tf/buildnow/assets/img/home-3/testimonial/group.png]
[wowtheme7.com/tf/buildnow/assets/img/home-3/testimonial/01.jpg]
[wowtheme7.com/tf/buildnow/assets/img/home-3/testimonial/client.png]
[wowtheme7.com/tf/buildnow/assets/img/home-3/testimonial/client-2.png]
[wowtheme7.com/tf/buildnow/assets/img/home-3/news/01.jpg]
[wowtheme7.com/tf/buildnow/assets/img/home-3/news/02.jpg]
[wowtheme7.com/tf/buildnow/assets/img/home-3/news/03.jpg]
[wowtheme7.com/tf/buildnow/assets/img/home-3/faq-shape.png]
[wowtheme7.com/tf/buildnow/assets/img/home-3/text.png]
[wowtheme7.com/tf/buildnow/assets/img/home-3/cta-bg.jpg]
[wowtheme7.com/tf/buildnow/index-3.html]
[wowtheme7.com/tf/buildnow/index-one-3.html]
[wowtheme7.com/tf/buildnow/assets/img/home-4/hero-image-01.jpg]
[wowtheme7.com/tf/buildnow/assets/img/home-4/white-text.png]
[wowtheme7.com/tf/buildnow/assets/img/home-4/hero-image-02.jpg]
[wowtheme7.com/tf/buildnow/assets/img/home-4/hero-image-03.jpg]
[wowtheme7.com/tf/buildnow/assets/img/home-4/about-company-shape-01.png]
[wowtheme7.com/tf/buildnow/assets/img/home-4/about-company-shape-02.png]
[wowtheme7.com/tf/buildnow/assets/img/home-4/flooring-bg.jpg]
[wowtheme7.com/tf/buildnow/assets/img/home-4/shape1.png]
[wowtheme7.com/tf/buildnow/assets/img/home-4/flooring-01.jpg]
[wowtheme7.com/tf/buildnow/assets/img/home-4/about-01.jpg]
[wowtheme7.com/tf/buildnow/assets/img/home-4/about-02.jpg]
[wowtheme7.com/tf/buildnow/assets/img/home-4/about-client.png]
[wowtheme7.com/tf/buildnow/assets/img/home-4/about-icon-01.svg]
[wowtheme7.com/tf/buildnow/assets/img/home-4/about-icon-02.svg]
[wowtheme7.com/tf/buildnow/assets/img/home-4/about-icon-03.svg]
[wowtheme7.com/tf/buildnow/assets/img/home-4/service-icon-01.svg]
[wowtheme7.com/tf/buildnow/assets/img/home-4/service-01.jpg]
[wowtheme7.com/tf/buildnow/assets/img/home-4/service-icon-02.svg]
[wowtheme7.com/tf/buildnow/assets/img/home-4/service-02.jpg]
[wowtheme7.com/tf/buildnow/assets/img/home-4/service-icon-03.svg]
[wowtheme7.com/tf/buildnow/assets/img/home-4/service-03.jpg]
[wowtheme7.com/tf/buildnow/assets/img/home-4/service-icon-04.svg]
[wowtheme7.com/tf/buildnow/assets/img/home-4/service-04.jpg]
[wowtheme7.com/tf/buildnow/assets/img/home-4/feature-icon-01.svg]
[wowtheme7.com/tf/buildnow/assets/img/home-4/feature-icon-02.svg]
[wowtheme7.com/tf/buildnow/assets/img/home-4/feature-icon-03.svg]
[wowtheme7.com/tf/buildnow/assets/img/home-4/feature-icon-04.svg]
[wowtheme7.com/tf/buildnow/assets/img/home-4/feature-icon-05.svg]
[wowtheme7.com/tf/buildnow/assets/img/home-4/feature-icon-06.svg]
[wowtheme7.com/tf/buildnow/assets/img/home-4/project-01.jpg]
[wowtheme7.com/tf/buildnow/assets/img/home-4/project-03.jpg]
[wowtheme7.com/tf/buildnow/assets/img/home-4/project-05.jpg]
[wowtheme7.com/tf/buildnow/assets/img/home-4/project-06.jpg]
[wowtheme7.com/tf/buildnow/assets/img/home-4/work-process-shape-1.png]
[wowtheme7.com/tf/buildnow/assets/img/home-4/work-process-shape-2.png]
[wowtheme7.com/tf/buildnow/assets/img/home-4/work-process-icon-01.svg]
[wowtheme7.com/tf/buildnow/assets/img/home-4/work-process-icon-02.svg]
[wowtheme7.com/tf/buildnow/assets/img/home-4/work-process-icon-03.svg]
[wowtheme7.com/tf/buildnow/assets/img/home-4/team-01.jpg]
[wowtheme7.com/tf/buildnow/assets/img/home-4/team-02.jpg]
[wowtheme7.com/tf/buildnow/assets/img/home-4/team-03.jpg]
[wowtheme7.com/tf/buildnow/assets/img/home-4/testi-client-01.png]
[wowtheme7.com/tf/buildnow/assets/img/home-4/contact-bg.jpg]
[wowtheme7.com/tf/buildnow/assets/img/home-4/news-01.jpg]
[wowtheme7.com/tf/buildnow/assets/img/home-4/news-02.jpg]
[wowtheme7.com/tf/buildnow/assets/img/home-4/news-03.jpg]
[wowtheme7.com/tf/buildnow/assets/img/home-4/cta-image-1.png]
[wowtheme7.com/tf/buildnow/assets/img/home-4/footer-post-1.jpg]
[wowtheme7.com/tf/buildnow/assets/img/home-4/footer-post-2.jpg]
[wowtheme7.com/tf/buildnow/assets/img/home-4/footer-bottom-img.png]
[wowtheme7.com/tf/buildnow/index-4.html]
[wowtheme7.com/tf/buildnow/index-one-4.html]
[wowtheme7.com/tf/buildnow/assets/img/home-5/hero/bg.png]
[wowtheme7.com/tf/buildnow/assets/img/home-5/hero-info.png]
[wowtheme7.com/tf/buildnow/assets/img/home-5/hero/man.png]
[wowtheme7.com/tf/buildnow/assets/img/home-5/piler-4.png]
[wowtheme7.com/tf/buildnow/assets/img/home-5/about.jpg]
[wowtheme7.com/tf/buildnow/assets/img/home-5/icon/01.svg]
[wowtheme7.com/tf/buildnow/assets/img/home-5/icon/02.svg]
[wowtheme7.com/tf/buildnow/assets/img/home-5/icon/03.svg]
[wowtheme7.com/tf/buildnow/assets/img/home-5/service.jpg]
[wowtheme7.com/tf/buildnow/assets/img/home-5/icon/05.svg]
[wowtheme7.com/tf/buildnow/assets/img/home-5/icon/04.svg]
[wowtheme7.com/tf/buildnow/assets/img/home-5/bg.jpg]
[wowtheme7.com/tf/buildnow/assets/img/home-5/piler.png]
[wowtheme7.com/tf/buildnow/assets/img/home-5/impact.jpg]
[wowtheme7.com/tf/buildnow/assets/img/home-5/icon/07.svg]
[wowtheme7.com/tf/buildnow/assets/img/home-5/project/01.jpg]
[wowtheme7.com/tf/buildnow/assets/img/home-5/project/02.jpg]
[wowtheme7.com/tf/buildnow/assets/img/home-5/project/03.jpg]
[wowtheme7.com/tf/buildnow/assets/img/home-5/project/04.jpg]
[wowtheme7.com/tf/buildnow/assets/img/home-5/feature/global.png]
[wowtheme7.com/tf/buildnow/assets/img/home-5/feature/shape.png]
[wowtheme7.com/tf/buildnow/assets/img/home-5/feature/group.png]
[wowtheme7.com/tf/buildnow/assets/img/home-5/feature/01.jpg]
[wowtheme7.com/tf/buildnow/assets/img/home-5/test-shape.png]
[wowtheme7.com/tf/buildnow/assets/img/home-5/piler-3.png]
[wowtheme7.com/tf/buildnow/assets/img/home-5/bg-2.jpg]
[wowtheme7.com/tf/buildnow/assets/img/home-5/icon/08.svg]
[wowtheme7.com/tf/buildnow/assets/img/home-5/instagram/01.jpg]
[wowtheme7.com/tf/buildnow/assets/img/home-5/instagram/02.jpg]
[wowtheme7.com/tf/buildnow/assets/img/home-5/instagram/03.jpg]
[wowtheme7.com/tf/buildnow/assets/img/home-5/instagram/04.jpg]
[wowtheme7.com/tf/buildnow/assets/img/home-5/news/01.jpg]
[wowtheme7.com/tf/buildnow/assets/img/home-5/news/02.jpg]
[wowtheme7.com/tf/buildnow/assets/img/home-5/news/03.jpg]
[wowtheme7.com/tf/buildnow/index-5.html]
[wowtheme7.com/tf/buildnow/index-one-5.html]
[wowtheme7.com/tf/buildnow/assets/img/home-6/hero-bg.jpg]
[wowtheme7.com/tf/buildnow/assets/img/home-6/hero-bg2.jpg]
[wowtheme7.com/tf/buildnow/assets/img/home-6/hero-feature-01.jpg]
[wowtheme7.com/tf/buildnow/assets/img/home-6/hero-feature-02.jpg]
[wowtheme7.com/tf/buildnow/assets/img/home-6/hero-feature-03.jpg]
[wowtheme7.com/tf/buildnow/assets/img/home-6/feature-shape-1.png]
[wowtheme7.com/tf/buildnow/assets/img/home-6/feature-01.jpg]
[wowtheme7.com/tf/buildnow/assets/img/home-6/feature-02.jpg]
[wowtheme7.com/tf/buildnow/assets/img/home-6/bg.jpg]
[wowtheme7.com/tf/buildnow/assets/img/home-7/brand-01.png]
[wowtheme7.com/tf/buildnow/assets/img/home-7/brand-02.png]
[wowtheme7.com/tf/buildnow/assets/img/home-7/brand-03.png]
[wowtheme7.com/tf/buildnow/assets/img/home-7/brand-04.png]
[wowtheme7.com/tf/buildnow/assets/img/home-7/brand-05.png]
[wowtheme7.com/tf/buildnow/assets/img/home-6/service-shape.png]
[wowtheme7.com/tf/buildnow/assets/img/home-6/service-1.jpg]
[wowtheme7.com/tf/buildnow/assets/img/home-6/service-2.jpg]
[wowtheme7.com/tf/buildnow/assets/img/home-6/service-3.jpg]
[wowtheme7.com/tf/buildnow/assets/img/home-6/highly-client.png]
[wowtheme7.com/tf/buildnow/assets/img/home-6/highly-icon-01.svg]
[wowtheme7.com/tf/buildnow/assets/img/home-6/highly-icon-02.svg]
[wowtheme7.com/tf/buildnow/assets/img/home-6/highly-icon-03.svg]
[wowtheme7.com/tf/buildnow/assets/img/home-6/highly-01.jpg]
[wowtheme7.com/tf/buildnow/assets/img/home-6/cta-bg-1.jpg]
[wowtheme7.com/tf/buildnow/assets/img/home-6/cta-shape-2.png]
[wowtheme7.com/tf/buildnow/assets/img/home-6/cta-shape-1.png]
[wowtheme7.com/tf/buildnow/assets/img/home-6/c-icon.svg]
[wowtheme7.com/tf/buildnow/assets/img/home-6/cta-man.png]
[wowtheme7.com/tf/buildnow/assets/img/home-6/gallery-01.jpg]
[wowtheme7.com/tf/buildnow/assets/img/home-6/gallery-02.jpg]
[wowtheme7.com/tf/buildnow/assets/img/home-6/gallery-03.jpg]
[wowtheme7.com/tf/buildnow/assets/img/home-6/gallery-04.jpg]
[wowtheme7.com/tf/buildnow/assets/img/home-6/feature-shape-01.png]
[wowtheme7.com/tf/buildnow/assets/img/home-6/feature-circle-text.png]
[wowtheme7.com/tf/buildnow/assets/img/home-6/testimonial-bg.jpg]
[wowtheme7.com/tf/buildnow/assets/img/home-6/google-text.png]
[wowtheme7.com/tf/buildnow/assets/img/home-6/quote-icon.svg]
[wowtheme7.com/tf/buildnow/assets/img/home-6/testi-reviwe-01.png]
[wowtheme7.com/tf/buildnow/assets/img/home-6/testi-reviwe-02.png]
[wowtheme7.com/tf/buildnow/assets/img/home-6/news-01.jpg]
[wowtheme7.com/tf/buildnow/assets/img/home-6/news-02.jpg]
[wowtheme7.com/tf/buildnow/assets/img/home-6/news-03.jpg]
[wowtheme7.com/tf/buildnow/assets/img/home-7/footer-left.png]
[wowtheme7.com/tf/buildnow/assets/img/home-7/footer-right.png]
[wowtheme7.com/tf/buildnow/index-6.html]
[wowtheme7.com/tf/buildnow/index-one-6.html]
[wowtheme7.com/tf/buildnow/assets/img/home-7/hero-bg-image.jpg]
[wowtheme7.com/tf/buildnow/assets/img/home-7/hero-image-01.png]
[wowtheme7.com/tf/buildnow/assets/img/home-7/hero-icon-01.svg]
[wowtheme7.com/tf/buildnow/assets/img/home-7/hero-icon-02.svg]
[wowtheme7.com/tf/buildnow/assets/img/home-7/hero-icon-03.svg]
[wowtheme7.com/tf/buildnow/assets/img/home-7/about-01.jpg]
[wowtheme7.com/tf/buildnow/assets/img/home-7/about-02.jpg]
[wowtheme7.com/tf/buildnow/assets/img/home-7/about-client.png]
[wowtheme7.com/tf/buildnow/assets/img/home-7/about-03.jpg]
[wowtheme7.com/tf/buildnow/assets/img/home-7/about-04.jpg]
[wowtheme7.com/tf/buildnow/assets/img/home-7/about-05.jpg]
[wowtheme7.com/tf/buildnow/assets/img/home-7/service-01.jpg]
[wowtheme7.com/tf/buildnow/assets/img/home-7/service-icon-01.svg]
[wowtheme7.com/tf/buildnow/assets/img/home-7/service-02.jpg]
[wowtheme7.com/tf/buildnow/assets/img/home-7/service-icon-02.svg]
[wowtheme7.com/tf/buildnow/assets/img/home-7/service-03.jpg]
[wowtheme7.com/tf/buildnow/assets/img/home-7/service-icon-03.svg]
[wowtheme7.com/tf/buildnow/assets/img/home-7/service-04.jpg]
[wowtheme7.com/tf/buildnow/assets/img/home-7/service-icon-04.svg]
[wowtheme7.com/tf/buildnow/assets/img/home-7/service-05.jpg]
[wowtheme7.com/tf/buildnow/assets/img/home-7/service-icon-05.svg]
[wowtheme7.com/tf/buildnow/assets/img/home-7/impects-text.png]
[wowtheme7.com/tf/buildnow/assets/img/home-7/impact-icon-01.svg]
[wowtheme7.com/tf/buildnow/assets/img/home-7/impact-icon-02.svg]
[wowtheme7.com/tf/buildnow/assets/img/home-7/complet-feature-bg.jpg]
[wowtheme7.com/tf/buildnow/assets/img/home-7/complet-icon-01.svg]
[wowtheme7.com/tf/buildnow/assets/img/home-7/complet-icon-02.svg]
[wowtheme7.com/tf/buildnow/assets/img/home-7/complet-icon-03.svg]
[wowtheme7.com/tf/buildnow/assets/img/home-7/complet-icon-04.svg]
[wowtheme7.com/tf/buildnow/assets/img/home-7/project-01.jpg]
[wowtheme7.com/tf/buildnow/assets/img/home-7/project-02.jpg]
[wowtheme7.com/tf/buildnow/assets/img/home-7/project-03.jpg]
[wowtheme7.com/tf/buildnow/assets/img/home-7/vedio-image.jpg]
[wowtheme7.com/tf/buildnow/assets/img/home-7/shape1.png]
[wowtheme7.com/tf/buildnow/assets/img/home-7/shape-2.png]
[wowtheme7.com/tf/buildnow/assets/img/home-7/contact-01.jpg]
[wowtheme7.com/tf/buildnow/assets/img/home-7/contact-icon-01.svg]
[wowtheme7.com/tf/buildnow/assets/img/home-7/contact-icon-02.svg]
[wowtheme7.com/tf/buildnow/assets/img/home-7/news-01.jpg]
[wowtheme7.com/tf/buildnow/assets/img/home-7/user-icon.svg]
[wowtheme7.com/tf/buildnow/assets/img/home-7/news-02.jpg]
[wowtheme7.com/tf/buildnow/assets/img/home-7/news-03.jpg]
[wowtheme7.com/tf/buildnow/index-7.html]
[wowtheme7.com/tf/buildnow/index-one-7.html]
[wowtheme7.com/tf/buildnow/about.html]
[wowtheme7.com/tf/buildnow/assets/img/inner-page/team/team-01.jpg]
[wowtheme7.com/tf/buildnow/assets/img/inner-page/team/team-02.jpg]
[wowtheme7.com/tf/buildnow/assets/img/inner-page/team/team-03.jpg]
[wowtheme7.com/tf/buildnow/assets/img/inner-page/team/team-04.jpg]
[wowtheme7.com/tf/buildnow/assets/img/inner-page/team/team-05.jpg]
[wowtheme7.com/tf/buildnow/assets/img/inner-page/team/team-06.jpg]
[wowtheme7.com/tf/buildnow/team.html]
[wowtheme7.com/tf/buildnow/assets/img/inner-page/team/team-details-01.jpg]
[wowtheme7.com/tf/buildnow/assets/img/inner-page/team/check-icon.svg]
[wowtheme7.com/tf/buildnow/team-details.html]
[wowtheme7.com/tf/buildnow/assets/img/inner-page/shop/sm-1.png]
[wowtheme7.com/tf/buildnow/assets/img/inner-page/shop/sm-2.png]
[wowtheme7.com/tf/buildnow/assets/img/inner-page/shop/sm-3.png]
[wowtheme7.com/tf/buildnow/assets/img/inner-page/shop/shop-01.png]
[wowtheme7.com/tf/buildnow/assets/img/inner-page/shop/shop-02.png]
[wowtheme7.com/tf/buildnow/assets/img/inner-page/shop/shop-03.png]
[wowtheme7.com/tf/buildnow/assets/img/inner-page/shop/shop-04.png]
[wowtheme7.com/tf/buildnow/assets/img/inner-page/shop/shop-06.png]
[wowtheme7.com/tf/buildnow/assets/img/inner-page/shop/shop-07.png]
[wowtheme7.com/tf/buildnow/assets/img/inner-page/shop/shop-08.png]
[wowtheme7.com/tf/buildnow/assets/img/inner-page/shop/shop-09.png]
[wowtheme7.com/tf/buildnow/shop.html]
[wowtheme7.com/tf/buildnow/assets/img/inner-page/shop/details-1.png]
[wowtheme7.com/tf/buildnow/assets/img/inner-page/shop/details-2.png]
[wowtheme7.com/tf/buildnow/assets/img/inner-page/shop/details-3.png]
[wowtheme7.com/tf/buildnow/assets/img/inner-page/shop/client-01.jpg]
[wowtheme7.com/tf/buildnow/assets/img/inner-page/shop/client-02.jpg]
[wowtheme7.com/tf/buildnow/assets/img/inner-page/shop/client-03.png]
[wowtheme7.com/tf/buildnow/shop-details.html]
[wowtheme7.com/tf/buildnow/shop-cart.html]
[wowtheme7.com/tf/buildnow/checkout.html]
[wowtheme7.com/tf/buildnow/pricing.html]
[wowtheme7.com/tf/buildnow/assets/img/inner-page/gallery/gallery-01.jpg]
[wowtheme7.com/tf/buildnow/assets/img/inner-page/gallery/gallery-02.jpg]
[wowtheme7.com/tf/buildnow/assets/img/inner-page/gallery/gallery-03.jpg]
[wowtheme7.com/tf/buildnow/assets/img/inner-page/gallery/gallery-04.jpg]
[wowtheme7.com/tf/buildnow/assets/img/inner-page/gallery/gallery-05.jpg]
[wowtheme7.com/tf/buildnow/assets/img/inner-page/gallery/gallery-06.jpg]
[wowtheme7.com/tf/buildnow/assets/img/inner-page/gallery/gallery-07.jpg]
[wowtheme7.com/tf/buildnow/assets/img/inner-page/gallery/gallery-08.jpg]
[wowtheme7.com/tf/buildnow/assets/img/inner-page/gallery/gallery-09.jpg]
[wowtheme7.com/tf/buildnow/assets/img/inner-page/gallery/gallery-10.jpg]
[wowtheme7.com/tf/buildnow/assets/img/inner-page/gallery/gallery-11.jpg]
[wowtheme7.com/tf/buildnow/assets/img/inner-page/gallery/gallery-12.jpg]
[wowtheme7.com/tf/buildnow/gallery.html]
[wowtheme7.com/tf/buildnow/faq.html]
[wowtheme7.com/tf/buildnow/assets/img/404.png]
[wowtheme7.com/tf/buildnow/404.html]
[wowtheme7.com/tf/buildnow/assets/img/inner-page/service/service-icon-01.svg]
[wowtheme7.com/tf/buildnow/service.html]
[wowtheme7.com/tf/buildnow/assets/img/inner-page/service/service-icon-02.svg]
[wowtheme7.com/tf/buildnow/assets/img/inner-page/service/service-details-01.jpg]
[wowtheme7.com/tf/buildnow/assets/img/inner-page/service/service-details-02.jpg]
[wowtheme7.com/tf/buildnow/assets/img/inner-page/service/phone-icon.svg]
[wowtheme7.com/tf/buildnow/service-details.html]
[wowtheme7.com/tf/buildnow/assets/img/inner-page/project/project-01.jpg]
[wowtheme7.com/tf/buildnow/assets/img/inner-page/project/project-02.jpg]
[wowtheme7.com/tf/buildnow/assets/img/inner-page/project/project-03.jpg]
[wowtheme7.com/tf/buildnow/assets/img/inner-page/project/project-04.jpg]
[wowtheme7.com/tf/buildnow/assets/img/inner-page/project/project-05.jpg]
[wowtheme7.com/tf/buildnow/assets/img/inner-page/project/project-06.jpg]
[wowtheme7.com/tf/buildnow/assets/img/inner-page/project/project-07.jpg]
[wowtheme7.com/tf/buildnow/assets/img/inner-page/project/project-08.jpg]
[wowtheme7.com/tf/buildnow/project.html]
[wowtheme7.com/tf/buildnow/assets/img/inner-page/project/project-details-01.jpg]
[wowtheme7.com/tf/buildnow/assets/img/inner-page/project/project-details-02.jpg]
[wowtheme7.com/tf/buildnow/assets/img/inner-page/project/project-details-03.jpg]
[wowtheme7.com/tf/buildnow/project-details.html]
[wowtheme7.com/tf/buildnow/assets/img/inner-page/news/news-01.jpg]
[wowtheme7.com/tf/buildnow/assets/img/inner-page/news/news-02.jpg]
[wowtheme7.com/tf/buildnow/assets/img/inner-page/news/news-03.jpg]
[wowtheme7.com/tf/buildnow/assets/img/inner-page/news/news-04.jpg]
[wowtheme7.com/tf/buildnow/assets/img/inner-page/news/post-1.jpg]
[wowtheme7.com/tf/buildnow/assets/img/inner-page/news/post-2.jpg]
[wowtheme7.com/tf/buildnow/assets/img/inner-page/news/post-3.jpg]
[wowtheme7.com/tf/buildnow/news.html]
[wowtheme7.com/tf/buildnow/assets/img/inner-page/news/news-details-01.jpg]
[wowtheme7.com/tf/buildnow/assets/img/inner-page/news/client-01.png]
[wowtheme7.com/tf/buildnow/assets/img/inner-page/news/news-details-02.jpg]
[wowtheme7.com/tf/buildnow/assets/img/inner-page/news/comment-1.png]
[wowtheme7.com/tf/buildnow/assets/img/inner-page/news/comment-2.png]
[wowtheme7.com/tf/buildnow/assets/img/inner-page/news/comment-3.png]
[wowtheme7.com/tf/buildnow/news-details.html]
[wowtheme7.com/tf/buildnow/assets/img/home-1/icon/01.svg]
[wowtheme7.com/tf/buildnow/assets/img/home-1/icon/02.svg]
[wowtheme7.com/tf/buildnow/assets/img/home-1/icon/03.svg]
[wowtheme7.com/tf/buildnow/assets/img/home-1/icon/04.svg]
[wowtheme7.com/tf/buildnow/assets/img/home-1/icon/11.svg]
[wowtheme7.com/tf/buildnow/assets/img/home-1/icon/12.svg]
[wowtheme7.com/tf/buildnow/assets/img/home-1/icon/13.svg]
[wowtheme7.com/tf/buildnow/assets/img/home-1/icon/14.svg]
[wowtheme7.com/tf/buildnow/assets/img/home-1/icon/15.svg]
[wowtheme7.com/tf/buildnow/assets/img/home-1/icon/16.svg]
[wowtheme7.com/tf/buildnow/assets/img/home-1/icon/05.svg]
[wowtheme7.com/tf/buildnow/assets/img/home-1/icon/06.svg]
[wowtheme7.com/tf/buildnow/assets/img/home-1/icon/07.svg]
[wowtheme7.com/tf/buildnow/assets/img/home-1/icon/08.svg]
[wowtheme7.com/tf/buildnow/assets/img/home-1/icon/09.svg]
[wowtheme7.com/tf/buildnow/team.details.html]
[wowtheme7.com/tf/buildnow/assets/img/inner-page/contact/icon-01.svg]
[wowtheme7.com/tf/buildnow/assets/img/inner-page/contact/icon-02.svg]
[wowtheme7.com/tf/buildnow/assets/img/home-5/icon/09.svg]
[wowtheme7.com/tf/buildnow/assets/img/home-2/icon/01.svg]
[wowtheme7.com/tf/buildnow/assets/img/home-2/icon/02.svg]
[wowtheme7.com/tf/buildnow/assets/img/home-2/icon/03.svg]
[wowtheme7.com/tf/buildnow/assets/img/home-2/icon/04.svg]
[wowtheme7.com/tf/buildnow/assets/img/home-2/icon/07.svg]
[wowtheme7.com/tf/buildnow/assets/img/home-2/check-icon.svg]
[wowtheme7.com/tf/buildnow/assets/img/home-3/icon/01.svg]
[wowtheme7.com/tf/buildnow/assets/img/home-3/icon/02.svg]
[wowtheme7.com/tf/buildnow/assets/img/home-3/icon/03.svg]
[wowtheme7.com/tf/buildnow/assets/img/home-3/icon/04.svg]
[wowtheme7.com/tf/buildnow/assets/img/home-3/icon/05.svg]
[wowtheme7.com/tf/buildnow/assets/img/home-3/icon/06.svg]
[wowtheme7.com/tf/buildnow/assets/img/home-3/icon/07.svg]
[wowtheme7.com/tf/buildnow/assets/img/home-3/icon/08.svg]
[wowtheme7.com/tf/buildnow/assets/img/home-4/about-icon-01.svg]
[wowtheme7.com/tf/buildnow/assets/img/home-4/about-icon-02.svg]
[wowtheme7.com/tf/buildnow/assets/img/home-4/about-icon-03.svg]
[wowtheme7.com/tf/buildnow/assets/img/home-4/service-icon-01.svg]
[wowtheme7.com/tf/buildnow/assets/img/home-4/service-icon-02.svg]
[wowtheme7.com/tf/buildnow/assets/img/home-4/service-icon-03.svg]
[wowtheme7.com/tf/buildnow/assets/img/home-4/service-icon-04.svg]
[wowtheme7.com/tf/buildnow/assets/img/home-4/feature-icon-01.svg]
[wowtheme7.com/tf/buildnow/assets/img/home-4/feature-icon-02.svg]
[wowtheme7.com/tf/buildnow/assets/img/home-4/feature-icon-03.svg]
[wowtheme7.com/tf/buildnow/assets/img/home-4/feature-icon-04.svg]
[wowtheme7.com/tf/buildnow/assets/img/home-4/feature-icon-05.svg]
[wowtheme7.com/tf/buildnow/assets/img/home-4/feature-icon-06.svg]
[wowtheme7.com/tf/buildnow/assets/img/home-4/work-process-icon-01.svg]
[wowtheme7.com/tf/buildnow/assets/img/home-4/work-process-icon-02.svg]
[wowtheme7.com/tf/buildnow/assets/img/home-4/work-process-icon-03.svg]
[wowtheme7.com/tf/buildnow/assets/img/home-5/icon/01.svg]
[wowtheme7.com/tf/buildnow/assets/img/home-5/icon/02.svg]
[wowtheme7.com/tf/buildnow/assets/img/home-5/icon/03.svg]
[wowtheme7.com/tf/buildnow/assets/img/home-5/icon/05.svg]
[wowtheme7.com/tf/buildnow/assets/img/home-5/icon/04.svg]
[wowtheme7.com/tf/buildnow/assets/img/home-5/icon/07.svg]
[wowtheme7.com/tf/buildnow/assets/img/home-5/icon/08.svg]
[wowtheme7.com/tf/buildnow/assets/img/home-6/highly-icon-01.svg]
[wowtheme7.com/tf/buildnow/assets/img/home-6/highly-icon-02.svg]
[wowtheme7.com/tf/buildnow/assets/img/home-6/highly-icon-03.svg]
[wowtheme7.com/tf/buildnow/assets/img/home-6/c-icon.svg]
[wowtheme7.com/tf/buildnow/assets/img/home-6/quote-icon.svg]
[wowtheme7.com/tf/buildnow/assets/img/home-7/hero-icon-01.svg]
[wowtheme7.com/tf/buildnow/assets/img/home-7/hero-icon-02.svg]
[wowtheme7.com/tf/buildnow/assets/img/home-7/hero-icon-03.svg]
[wowtheme7.com/tf/buildnow/assets/img/home-7/service-icon-01.svg]
[wowtheme7.com/tf/buildnow/assets/img/home-7/service-icon-02.svg]
[wowtheme7.com/tf/buildnow/assets/img/home-7/service-icon-03.svg]
[wowtheme7.com/tf/buildnow/assets/img/home-7/service-icon-04.svg]
[wowtheme7.com/tf/buildnow/assets/img/home-7/service-icon-05.svg]
[wowtheme7.com/tf/buildnow/assets/img/home-7/impact-icon-01.svg]
[wowtheme7.com/tf/buildnow/assets/img/home-7/impact-icon-02.svg]
[wowtheme7.com/tf/buildnow/assets/img/home-7/complet-icon-01.svg]
[wowtheme7.com/tf/buildnow/assets/img/home-7/complet-icon-02.svg]
[wowtheme7.com/tf/buildnow/assets/img/home-7/complet-icon-03.svg]
[wowtheme7.com/tf/buildnow/assets/img/home-7/complet-icon-04.svg]
[wowtheme7.com/tf/buildnow/assets/img/home-7/contact-icon-01.svg]
[wowtheme7.com/tf/buildnow/assets/img/home-7/contact-icon-02.svg]
[wowtheme7.com/tf/buildnow/assets/img/home-7/user-icon.svg]
[wowtheme7.com/tf/buildnow/assets/img/inner-page/team/check-icon.svg]
[wowtheme7.com/tf/buildnow/assets/img/inner-page/service/service-icon-01.svg]
[wowtheme7.com/tf/buildnow/assets/img/inner-page/service/service-icon-02.svg]
[wowtheme7.com/tf/buildnow/assets/img/inner-page/service/phone-icon.svg]
[wowtheme7.com/tf/buildnow/assets/img/home-4/project-02.jpg]
[wowtheme7.com/tf/buildnow/assets/img/home-4/project-04.jpg]
